
> roomie-finder@0.1.0 build
> tsc && vite build

[33mThe CJS build of Vite's Node API is deprecated. See https://vite.dev/guide/troubleshooting.html#vite-cjs-node-api-deprecated for more details.[39m
vite v5.4.21 building for production...
transforming...
✓ 2052 modules transformed.
rendering chunks...
computing gzip size...
dist/index.html                     1.22 kB │ gzip:   0.58 kB
dist/assets/index-CM61n3kE.css     61.25 kB │ gzip:   9.85 kB
dist/assets/index-FQM-Ww5T.js   1,020.32 kB │ gzip: 272.99 kB

(!) Some chunks are larger than 500 kB after minification. Consider:
- Using dynamic import() to code-split the application
- Use build.rollupOptions.output.manualChunks to improve chunking: https://rollupjs.org/configuration-options/#output-manualchunks
- Adjust chunk size limit for this warning via build.chunkSizeWarningLimit.
✓ built in 12.29s
